"abcdef","12","22.400","f","2017-08-05"
"abcdefg","13","22.420","t","2017-08-06"
"abcdefgh","32","22.410","t","2017-08-07"
"abcdefghi","22","22.440","t","2017-08-08"
