"table_schema","table_name","table_type"
"public","escaping","BASE TABLE"
"public","escaping","BASE TABLE"
