"1","mario","1","1.10","plumber","2021-01-05 13:43:17"
"2","luigi","2","2.20","plumber","2021-01-05 13:43:17"
