"6","yoshi","6","6.60","horse?","2021-01-05 13:43:27"
